2025-01-03 16:59:31,927 - INFO - Attempting to write to log file at: D:\VM\VM\employeeimport\dist\script.log
2025-01-03 16:59:31,927 - INFO - Script started.
2025-01-03 16:59:32,074 - INFO - Loaded Employee Data:
2025-01-03 16:59:32,075 - INFO -    EMPLNO1  EMPLNO2 FULLNAME EMPLNAME USERNAME NEWUSERNAME  MAXDISCPERC
0       22       22   ABC EF     ABCD       FG         ABC           10
1       17       17   MNO PQ     MNOP       QR         MNO           10
2025-01-03 16:59:32,091 - INFO - Employee 1:
2025-01-03 16:59:32,091 - INFO -   Employee No 1: 22
2025-01-03 16:59:32,091 - INFO -   Employee No 2: 22
2025-01-03 16:59:32,091 - INFO -   Full Name: ABC EF
2025-01-03 16:59:32,092 - INFO -   Employee Name: ABCD
2025-01-03 16:59:32,092 - INFO -   User Name: FG
2025-01-03 16:59:32,093 - INFO -   Max Discount Percentage: 10
2025-01-03 16:59:32,093 - INFO - ------------------------------
2025-01-03 16:59:32,093 - INFO - Employee 2:
2025-01-03 16:59:32,093 - INFO -   Employee No 1: 17
2025-01-03 16:59:32,093 - INFO -   Employee No 2: 17
2025-01-03 16:59:32,093 - INFO -   Full Name: MNO PQ
2025-01-03 16:59:32,094 - INFO -   Employee Name: MNOP
2025-01-03 16:59:32,094 - INFO -   User Name: QR
2025-01-03 16:59:32,094 - INFO -   Max Discount Percentage: 10
2025-01-03 16:59:32,094 - INFO - ------------------------------
2025-01-03 16:59:32,096 - DEBUG - Starting new HTTP connection (1): rpsupport1003:80
2025-01-03 16:59:32,113 - DEBUG - http://rpsupport1003:80 "GET /v1/rest/auth HTTP/11" 200 0
2025-01-03 16:59:32,113 - INFO - Generated Auth-Nonce-Response: 376142
2025-01-03 16:59:32,114 - DEBUG - Starting new HTTP connection (1): rpsupport1003:80
2025-01-03 16:59:32,179 - DEBUG - http://rpsupport1003:80 "GET /v1/rest/auth?usr=sysadmin&pwd=sysadmin HTTP/11" 200 0
2025-01-03 16:59:32,180 - INFO - Authenticated successfully. Auth-Session: FB51C92EC968461993C0D4DDAEED0ACC
2025-01-03 16:59:32,180 - DEBUG - Starting new HTTP connection (1): rpsupport1003:80
2025-01-03 16:59:32,228 - DEBUG - http://rpsupport1003:80 "GET /v1/rest/sit?ws=rpsupport1003 HTTP/11" 200 0
2025-01-03 16:59:32,229 - INFO - Successfully claimed seat for workstation RPSUPPORT1003.
2025-01-03 16:59:32,229 - INFO - Using auth-session: FB51C92EC968461993C0D4DDAEED0ACC
2025-01-03 16:59:32,235 - INFO - Requesting URL: http://rpsupport1003/api/common/employeelist?filter=(username,lk,FG)AND(active,eq,true)
2025-01-03 16:59:32,237 - DEBUG - Starting new HTTP connection (1): rpsupport1003:80
2025-01-03 16:59:32,293 - DEBUG - http://rpsupport1003:80 "GET /api/common/employeelist?filter=(username,lk,FG)AND(active,eq,true) HTTP/11" 200 1730
2025-01-03 16:59:32,294 - INFO - Response for FG: {'name': 'employeelist', 'metatype': 'Resource', 'comment': 'EmployeeList', 'translationid': 'EmployeeList.0', 'errors': None, 'data': [{'sid': '730758232000151614', 'createdby': 'SYSADMIN', 'createddatetime': '2025-01-03T16:10:32.000+05:30', 'modifiedby': 'SYSADMIN', 'modifieddatetime': '2025-01-03T16:47:17.000+05:30', 'controllersid': '726950515000099255', 'originapplication': 'RProPrismWeb', 'postdate': '2025-01-03T16:47:17.000+05:30', 'rowversion': 25, 'tenantsid': '726950516000113256', 'sbssid': '726950516000117257', 'emplno1': '22', 'emplno2': '22', 'emplname': 'ABCD', 'active': True, 'fullname': 'ABCE FG', 'commlvl': None, 'drawer': None, 'timeshiftno': None, 'maxdiscperc': 10, 'jobsid': None, 'custsid': '730758232000150613', 'description': None, 'hiredate': None, 'exempt': False, 'tillsid': None, 'origsbssid': '726950516000117257', 'basestoresid': None, 'requiredpassword': False, 'emplid': None, 'status': 1, 'firstname': 'ABCE', 'lastname': 'FG', 'udf1string': None, 'udf2string': None, 'udf3string': None, 'udf4string': None, 'udf5string': None, 'udf1date': None, 'udf2date': None, 'email': None, 'address1': None, 'address2': None, 'address3': None, 'address4': None, 'address5': None, 'address6': None, 'postalcode': None, 'city': None, 'state': None, 'phoneno': None, 'udf6string': None, 'udf7string': None, 'udf8string': None, 'udf9string': None, 'udf10string': None, 'udf11string': None, 'udf12string': None, 'udf13string': None, 'udf14string': None, 'udf15string': None, 'udf16string': None, 'udf17string': None, 'udf18string': None, 'jobname': None, 'jobdescription': None, 'enabled': True, 'internal': False, 'admin': False, 'username': 'FG', 'storeno': None, 'storename': None, 'storecode': None, 'origsbsno': 1, 'origsbsname': '001', 'addresstype': None, 'phonetype': None, 'tillname': None, 'tillid': None, 'locked': False, 'lockeddate': None, 'failureattempts': None}]}
2025-01-03 16:59:32,294 - INFO - User FG exists. Updating data.
2025-01-03 16:59:32,296 - DEBUG - Starting new HTTP connection (1): rpsupport1003:80
2025-01-03 16:59:32,408 - DEBUG - http://rpsupport1003:80 "PUT /api/common/employee/730758232000151614 HTTP/11" 200 1432
2025-01-03 16:59:32,409 - INFO - Update response for FG: 200 - {"name":"employee","metatype":"Resource","comment":"Employee","translationid":"Employee.0","errors":null,"data":[{"sid":"730758232000151614","createdby":"SYSADMIN","createddatetime":"2025-01-03T16:10:32.000+05:30","modifiedby":"SYSADMIN","modifieddatetime":"2025-01-03T16:59:32.000+05:30","controllersid":"726950515000099255","originapplication":"RProPrismWeb","postdate":"2025-01-03T16:59:32.000+05:30","rowversion":26,"tenantsid":"726950516000113256","status":1,"sbssid":"726950516000117257","emplno1":"22","emplno2":"22","emplname":"ABCD","active":true,"fullname":"ABC EF","commlvl":null,"drawer":null,"timeshiftno":null,"maxdiscperc":10,"jobsid":null,"custsid":"730758232000150613","description":null,"hiredate":null,"exempt":false,"origsbssid":"726950516000117257","basesbssid":null,"basestoresid":null,"tillsbssid":null,"tillstoresid":null,"tillsid":null,"requiredpassword":false,"emplid":null,"overrideprofile":false,"username":"ABC","useractive":true,"passwordmodifieddatetime":null,"admin":false,"locked":false,"lockeddatetime":null,"failureattempts":null,"xoutsettings":null,"internal":false,"jobtitle":null,"firstname":"ABC","lastname":"EF","udf1string":null,"udf2string":null,"udf3string":null,"udf4string":null,"udf5string":null,"udf1date":null,"udf2date":null,"storecode":null,"storename":null,"email":null,"storesbsno":null,"tillname":null,"storeno":null,"origsbsno":1,"sbsno":1,"tillsbsno":null,"tillstoreno":null}]}
2025-01-03 16:59:32,409 - INFO - Successfully updated data for user FG.
2025-01-03 16:59:32,410 - INFO - Requesting URL: http://rpsupport1003/api/common/employeelist?filter=(username,lk,QR)AND(active,eq,true)
2025-01-03 16:59:32,411 - DEBUG - Starting new HTTP connection (1): rpsupport1003:80
2025-01-03 16:59:32,505 - DEBUG - http://rpsupport1003:80 "GET /api/common/employeelist?filter=(username,lk,QR)AND(active,eq,true) HTTP/11" 200 1730
2025-01-03 16:59:32,506 - INFO - Response for QR: {'name': 'employeelist', 'metatype': 'Resource', 'comment': 'EmployeeList', 'translationid': 'EmployeeList.0', 'errors': None, 'data': [{'sid': '730758232000198616', 'createdby': 'SYSADMIN', 'createddatetime': '2025-01-03T16:10:33.000+05:30', 'modifiedby': 'SYSADMIN', 'modifieddatetime': '2025-01-03T16:47:17.000+05:30', 'controllersid': '726950515000099255', 'originapplication': 'RProPrismWeb', 'postdate': '2025-01-03T16:47:17.000+05:30', 'rowversion': 25, 'tenantsid': '726950516000113256', 'sbssid': '726950516000117257', 'emplno1': '17', 'emplno2': '17', 'emplname': 'MNOP', 'active': True, 'fullname': 'MNOP QR', 'commlvl': None, 'drawer': None, 'timeshiftno': None, 'maxdiscperc': 10, 'jobsid': None, 'custsid': '730758232000197615', 'description': None, 'hiredate': None, 'exempt': False, 'tillsid': None, 'origsbssid': '726950516000117257', 'basestoresid': None, 'requiredpassword': False, 'emplid': None, 'status': 1, 'firstname': 'MNOP', 'lastname': 'QR', 'udf1string': None, 'udf2string': None, 'udf3string': None, 'udf4string': None, 'udf5string': None, 'udf1date': None, 'udf2date': None, 'email': None, 'address1': None, 'address2': None, 'address3': None, 'address4': None, 'address5': None, 'address6': None, 'postalcode': None, 'city': None, 'state': None, 'phoneno': None, 'udf6string': None, 'udf7string': None, 'udf8string': None, 'udf9string': None, 'udf10string': None, 'udf11string': None, 'udf12string': None, 'udf13string': None, 'udf14string': None, 'udf15string': None, 'udf16string': None, 'udf17string': None, 'udf18string': None, 'jobname': None, 'jobdescription': None, 'enabled': True, 'internal': False, 'admin': False, 'username': 'QR', 'storeno': None, 'storename': None, 'storecode': None, 'origsbsno': 1, 'origsbsname': '001', 'addresstype': None, 'phonetype': None, 'tillname': None, 'tillid': None, 'locked': False, 'lockeddate': None, 'failureattempts': None}]}
2025-01-03 16:59:32,506 - INFO - User QR exists. Updating data.
2025-01-03 16:59:32,508 - DEBUG - Starting new HTTP connection (1): rpsupport1003:80
2025-01-03 16:59:32,657 - DEBUG - http://rpsupport1003:80 "PUT /api/common/employee/730758232000198616 HTTP/11" 200 1432
2025-01-03 16:59:32,658 - INFO - Update response for QR: 200 - {"name":"employee","metatype":"Resource","comment":"Employee","translationid":"Employee.0","errors":null,"data":[{"sid":"730758232000198616","createdby":"SYSADMIN","createddatetime":"2025-01-03T16:10:33.000+05:30","modifiedby":"SYSADMIN","modifieddatetime":"2025-01-03T16:59:33.000+05:30","controllersid":"726950515000099255","originapplication":"RProPrismWeb","postdate":"2025-01-03T16:59:32.000+05:30","rowversion":26,"tenantsid":"726950516000113256","status":1,"sbssid":"726950516000117257","emplno1":"17","emplno2":"17","emplname":"MNOP","active":true,"fullname":"MNO PQ","commlvl":null,"drawer":null,"timeshiftno":null,"maxdiscperc":10,"jobsid":null,"custsid":"730758232000197615","description":null,"hiredate":null,"exempt":false,"origsbssid":"726950516000117257","basesbssid":null,"basestoresid":null,"tillsbssid":null,"tillstoresid":null,"tillsid":null,"requiredpassword":false,"emplid":null,"overrideprofile":false,"username":"MNO","useractive":true,"passwordmodifieddatetime":null,"admin":false,"locked":false,"lockeddatetime":null,"failureattempts":null,"xoutsettings":null,"internal":false,"jobtitle":null,"firstname":"MNO","lastname":"PQ","udf1string":null,"udf2string":null,"udf3string":null,"udf4string":null,"udf5string":null,"udf1date":null,"udf2date":null,"storecode":null,"storename":null,"email":null,"storesbsno":null,"tillname":null,"storeno":null,"origsbsno":1,"sbsno":1,"tillsbsno":null,"tillstoreno":null}]}
2025-01-03 16:59:32,658 - INFO - Successfully updated data for user QR.
2025-01-03 16:59:32,659 - INFO - Script finished.
