2025-01-06 10:24:59,515 - INFO - Logging initialized. Log file: D:\VM\VM\employeeimport\logs\script.log
2025-01-06 10:24:59,515 - INFO - Script started.
2025-01-06 10:24:59,786 - INFO - Loaded Employee Data:
2025-01-06 10:24:59,786 - INFO -    EMPLNO1  EMPLNO2 FULLNAME EMPLNAME USERNAME NEWUSERNAME  MAXDISCPERC
0       22       22   ABC EF     ABCD      ABC         ABC           10
1       17       17   MNO PQ     MNOP      MNO         MNO           10
2025-01-06 10:24:59,817 - INFO - Employee 1:
2025-01-06 10:24:59,818 - INFO -   Employee No 1: 22
2025-01-06 10:24:59,818 - INFO -   Employee No 2: 22
2025-01-06 10:24:59,819 - INFO -   Full Name: ABC EF
2025-01-06 10:24:59,819 - INFO -   Employee Name: ABCD
2025-01-06 10:24:59,819 - INFO -   User Name: ABC
2025-01-06 10:24:59,820 - INFO -   Max Discount Percentage: 10
2025-01-06 10:24:59,820 - INFO - ------------------------------
2025-01-06 10:24:59,821 - INFO - Employee 2:
2025-01-06 10:24:59,821 - INFO -   Employee No 1: 17
2025-01-06 10:24:59,822 - INFO -   Employee No 2: 17
2025-01-06 10:24:59,822 - INFO -   Full Name: MNO PQ
2025-01-06 10:24:59,822 - INFO -   Employee Name: MNOP
2025-01-06 10:24:59,822 - INFO -   User Name: MNO
2025-01-06 10:24:59,823 - INFO -   Max Discount Percentage: 10
2025-01-06 10:24:59,823 - INFO - ------------------------------
2025-01-06 10:24:59,827 - DEBUG - Starting new HTTP connection (1): prism-pos-lab:80
2025-01-06 10:25:02,532 - ERROR - Error in authenticate: HTTPConnectionPool(host='prism-pos-lab', port=80): Max retries exceeded with url: /v1/rest/auth (Caused by NameResolutionError("<urllib3.connection.HTTPConnection object at 0x000001E047307230>: Failed to resolve 'prism-pos-lab' ([Errno 11001] getaddrinfo failed)"))
2025-01-06 10:25:02,534 - INFO - Script finished.
